// Jest Snapshot v1, https://goo.gl/fbAQLP

exports[`findLocationsByCoordinates returns a list of locations 1`] = `
[
  {
    "id": "UKLON17491",
    "largeLockerAvailability": "NORMAL",
    "lastUpdatedAt": 2023-11-24T08:44:58.000Z,
    "latitude": 51.49304,
    "longitude": -0.14841,
    "mediumLockerAvailability": "NORMAL",
    "name": "Victoria Coach Station",
    "overallLockerAvailability": "NORMAL",
    "smallLockerAvailability": "NORMAL",
  },
  {
    "id": "UK00063669",
    "largeLockerAvailability": "NORMAL",
    "lastUpdatedAt": 2024-01-24T10:31:13.000Z,
    "latitude": 51.49131,
    "longitude": -0.13745,
    "mediumLockerAvailability": "NORMAL",
    "name": "Nisa Local Tachbrook Village",
    "overallLockerAvailability": "NORMAL",
    "smallLockerAvailability": "VERY_LOW",
  },
  {
    "id": "UKLON00016",
    "largeLockerAvailability": "NORMAL",
    "lastUpdatedAt": 2024-01-24T10:40:04.000Z,
    "latitude": 51.51128,
    "longitude": -0.14628,
    "mediumLockerAvailability": "NORMAL",
    "name": "Grosvenor Hill Car Park",
    "overallLockerAvailability": "NORMAL",
    "smallLockerAvailability": "NORMAL",
  },
  {
    "id": "UKLON10965",
    "largeLockerAvailability": "NORMAL",
    "lastUpdatedAt": 2024-01-17T11:46:31.000Z,
    "latitude": 51.48915,
    "longitude": -0.12273,
    "mediumLockerAvailability": "NORMAL",
    "name": "Texaco Albert Embankment",
    "overallLockerAvailability": "NORMAL",
    "smallLockerAvailability": "NORMAL",
  },
  {
    "id": "UK00166493",
    "largeLockerAvailability": "NORMAL",
    "lastUpdatedAt": 2024-01-24T07:45:04.000Z,
    "latitude": 51.51691,
    "longitude": -0.12515,
    "mediumLockerAvailability": "NORMAL",
    "name": "APCOA Covent Garden",
    "overallLockerAvailability": "NORMAL",
    "smallLockerAvailability": "NORMAL",
  },
  {
    "id": "UKLON00047",
    "largeLockerAvailability": "NORMAL",
    "lastUpdatedAt": 2024-01-24T10:15:56.000Z,
    "latitude": 51.52044,
    "longitude": -0.15551,
    "mediumLockerAvailability": "VERY_LOW",
    "name": "AD Food and Wine Paddington",
    "overallLockerAvailability": "LOW",
    "smallLockerAvailability": "VERY_LOW",
  },
  {
    "id": "UKLON24918",
    "largeLockerAvailability": "NORMAL",
    "lastUpdatedAt": 2024-01-24T10:43:27.000Z,
    "latitude": 51.52438,
    "longitude": -0.14224,
    "mediumLockerAvailability": "NORMAL",
    "name": "Regents Place",
    "overallLockerAvailability": "NORMAL",
    "smallLockerAvailability": "LOW",
  },
  {
    "id": "UKLON00147",
    "largeLockerAvailability": "NORMAL",
    "lastUpdatedAt": 2024-01-24T10:17:03.000Z,
    "latitude": 51.47844,
    "longitude": -0.1294,
    "mediumLockerAvailability": "NORMAL",
    "name": "Southbank Club",
    "overallLockerAvailability": "NORMAL",
    "smallLockerAvailability": "NORMAL",
  },
  {
    "id": "UK00016220",
    "largeLockerAvailability": "NORMAL",
    "lastUpdatedAt": 2024-01-24T10:44:06.000Z,
    "latitude": 51.52845,
    "longitude": -0.14349,
    "mediumLockerAvailability": "NORMAL",
    "name": "Robert Street Supermarket",
    "overallLockerAvailability": "LOW",
    "smallLockerAvailability": "LOW",
  },
  {
    "id": "UK00005660",
    "largeLockerAvailability": "NORMAL",
    "lastUpdatedAt": 2023-11-27T14:24:53.000Z,
    "latitude": 51.47196,
    "longitude": -0.12927,
    "mediumLockerAvailability": "NORMAL",
    "name": "Premier Store Jeffreys Road",
    "overallLockerAvailability": "NORMAL",
    "smallLockerAvailability": "NORMAL",
  },
  {
    "id": "UK00009281",
    "largeLockerAvailability": "NORMAL",
    "lastUpdatedAt": 2024-01-24T10:43:12.000Z,
    "latitude": 51.51392,
    "longitude": -0.09547,
    "mediumLockerAvailability": "VERY_LOW",
    "name": "One New Change",
    "overallLockerAvailability": "LOW",
    "smallLockerAvailability": "VERY_LOW",
  },
  {
    "id": "UKLON00383",
    "largeLockerAvailability": "VERY_LOW",
    "lastUpdatedAt": 2024-01-24T09:54:53.000Z,
    "latitude": 51.4944,
    "longitude": -0.09075,
    "mediumLockerAvailability": "LOW",
    "name": "Esso Newington",
    "overallLockerAvailability": "VERY_LOW",
    "smallLockerAvailability": "LOW",
  },
]
`;

exports[`findLocationsByCoordinates throws an error for a non-200 response 1`] = `[Error: Post code not found.]`;

exports[`findLocationsByPostcode returns a list of locations 1`] = `
[
  {
    "id": "UKLON17491",
    "largeLockerAvailability": "NORMAL",
    "lastUpdatedAt": 2023-11-24T08:44:58.000Z,
    "latitude": 51.49304,
    "longitude": -0.14841,
    "mediumLockerAvailability": "NORMAL",
    "name": "Victoria Coach Station",
    "overallLockerAvailability": "NORMAL",
    "smallLockerAvailability": "NORMAL",
  },
  {
    "id": "UK00063669",
    "largeLockerAvailability": "NORMAL",
    "lastUpdatedAt": 2024-01-24T10:31:13.000Z,
    "latitude": 51.49131,
    "longitude": -0.13745,
    "mediumLockerAvailability": "NORMAL",
    "name": "Nisa Local Tachbrook Village",
    "overallLockerAvailability": "NORMAL",
    "smallLockerAvailability": "VERY_LOW",
  },
  {
    "id": "UKLON00016",
    "largeLockerAvailability": "NORMAL",
    "lastUpdatedAt": 2024-01-24T10:40:04.000Z,
    "latitude": 51.51128,
    "longitude": -0.14628,
    "mediumLockerAvailability": "NORMAL",
    "name": "Grosvenor Hill Car Park",
    "overallLockerAvailability": "NORMAL",
    "smallLockerAvailability": "NORMAL",
  },
  {
    "id": "UKLON10965",
    "largeLockerAvailability": "NORMAL",
    "lastUpdatedAt": 2024-01-17T11:46:31.000Z,
    "latitude": 51.48915,
    "longitude": -0.12273,
    "mediumLockerAvailability": "NORMAL",
    "name": "Texaco Albert Embankment",
    "overallLockerAvailability": "NORMAL",
    "smallLockerAvailability": "NORMAL",
  },
  {
    "id": "UK00166493",
    "largeLockerAvailability": "NORMAL",
    "lastUpdatedAt": 2024-01-24T07:45:04.000Z,
    "latitude": 51.51691,
    "longitude": -0.12515,
    "mediumLockerAvailability": "NORMAL",
    "name": "APCOA Covent Garden",
    "overallLockerAvailability": "NORMAL",
    "smallLockerAvailability": "NORMAL",
  },
  {
    "id": "UKLON00047",
    "largeLockerAvailability": "NORMAL",
    "lastUpdatedAt": 2024-01-24T10:15:56.000Z,
    "latitude": 51.52044,
    "longitude": -0.15551,
    "mediumLockerAvailability": "VERY_LOW",
    "name": "AD Food and Wine Paddington",
    "overallLockerAvailability": "LOW",
    "smallLockerAvailability": "VERY_LOW",
  },
  {
    "id": "UKLON24918",
    "largeLockerAvailability": "NORMAL",
    "lastUpdatedAt": 2024-01-24T10:43:27.000Z,
    "latitude": 51.52438,
    "longitude": -0.14224,
    "mediumLockerAvailability": "NORMAL",
    "name": "Regents Place",
    "overallLockerAvailability": "NORMAL",
    "smallLockerAvailability": "LOW",
  },
  {
    "id": "UKLON00147",
    "largeLockerAvailability": "NORMAL",
    "lastUpdatedAt": 2024-01-24T10:17:03.000Z,
    "latitude": 51.47844,
    "longitude": -0.1294,
    "mediumLockerAvailability": "NORMAL",
    "name": "Southbank Club",
    "overallLockerAvailability": "NORMAL",
    "smallLockerAvailability": "NORMAL",
  },
  {
    "id": "UK00016220",
    "largeLockerAvailability": "NORMAL",
    "lastUpdatedAt": 2024-01-24T10:44:06.000Z,
    "latitude": 51.52845,
    "longitude": -0.14349,
    "mediumLockerAvailability": "NORMAL",
    "name": "Robert Street Supermarket",
    "overallLockerAvailability": "LOW",
    "smallLockerAvailability": "LOW",
  },
  {
    "id": "UK00005660",
    "largeLockerAvailability": "NORMAL",
    "lastUpdatedAt": 2023-11-27T14:24:53.000Z,
    "latitude": 51.47196,
    "longitude": -0.12927,
    "mediumLockerAvailability": "NORMAL",
    "name": "Premier Store Jeffreys Road",
    "overallLockerAvailability": "NORMAL",
    "smallLockerAvailability": "NORMAL",
  },
  {
    "id": "UK00009281",
    "largeLockerAvailability": "NORMAL",
    "lastUpdatedAt": 2024-01-24T10:43:12.000Z,
    "latitude": 51.51392,
    "longitude": -0.09547,
    "mediumLockerAvailability": "VERY_LOW",
    "name": "One New Change",
    "overallLockerAvailability": "LOW",
    "smallLockerAvailability": "VERY_LOW",
  },
  {
    "id": "UKLON00383",
    "largeLockerAvailability": "VERY_LOW",
    "lastUpdatedAt": 2024-01-24T09:54:53.000Z,
    "latitude": 51.4944,
    "longitude": -0.09075,
    "mediumLockerAvailability": "LOW",
    "name": "Esso Newington",
    "overallLockerAvailability": "VERY_LOW",
    "smallLockerAvailability": "LOW",
  },
]
`;

exports[`findLocationsByPostcode throws an error for a non-200 response 1`] = `[Error: Post code not found.]`;

exports[`getLocation returns the location 1`] = `
{
  "id": "UK00000904",
  "largeLockerAvailability": "NORMAL",
  "latitude": 51.49247,
  "longitude": 0.06573,
  "mediumLockerAvailability": "NORMAL",
  "name": "LIDL Woolwich",
  "overallLockerAvailability": "NORMAL",
  "smallLockerAvailability": "NORMAL",
}
`;

exports[`getLocation throws an error for a non-200 response 1`] = `[Error: Point not found.]`;
